[www.allure.com/story/ariana-grande-red-lipstick-2023.html]
[backblue.gif]
[fade.gif]
[index.html]
[media.allure.com/photos/652d587ab11475119a2afdaa/16_9/w_2560,c_limit/ariana grande cat eye .jpg]
[media.allure.com/photos/652d587ab11475119a2afdaa/1_1/w_1024,c_limit/ariana grande cat eye .jpg]
[privacy.condenastdigital.com/fides76c5.js]
[securepubads.g.doubleclick.net/tag/js/f.txt]
[media.allure.com/photos/652d587ab11475119a2afdaa/16_9/w_2560,c_limit/ariana%20grande%20cat%20eye%20.jpg]
[ads-static.conde.digital/production/cns/builds/allure/v6f9b3.js]
[www.allure.com/story/ariana-grande-rem-beauty-cover-story-interview.html]
[media.allure.com/photos/6557a3e8053b50fda2fca460/master/w_1600,c_limit/ariana%20grande%20red%20lipstick.jpg]
[media.allure.com/photos/6557a5b94243228045d870a2/master/w_1600,c_limit/ariana%20grande%20november%202023.jpg]
[www.allure.com/story/sydney-sweeney-tauve-lip-color.html]
[www.allure.com/story/makeup-by-mario-moistureglow-plumping-lip-color-review.html]
[www.allure.com/story/how-to-wear-brown-lip-liner.html]
[media.allure.com/photos/67ca126cee1958351fc02ecb/1_1/w_90,c_limit/marci%20robin%202025.jpg]
[www.allure.com/story/emily-blunt-purple-nails.html]
[www.allure.com/story/florence-pugh-blue-eye-makeup-trend.html]
[www.allure.com/story/tracee-ellis-ross-mismatched-nails.html]
[www.allure.com/story/bella-hadid-taupe-spring-manicure.html]
[www.allure.com/story/zara-larsson-french-manicure.html]
[www.allure.com/story/joey-king-polka-dot-lady-bug-french-manicure.html]
[www.allure.com/story/olandria-carthen-sports-illustrated-ponytail.html]
[www.allure.com/story/megan-thee-stallion-neon-green-hair.html]
[www.allure.com/story/charli-xcx-ss26-music-video-bangs.html]
[www.allure.com/story/taylor-swift-hair-ribbon.html]
[www.allure.com/story/keke-palmer-90s-space-buns.html]
[www.allure.com/story/emma-stone-caramel-hair-color.html]
[www.allure.com/story/best-led-face-mask.html]
[www.allure.com/story/best-of-beauty-2025-all-winners-index.html]
[www.allure.com/story/accessibility-help.html]
[www.allure.com/verso/static/9309.2d93f1969cf2455b15d2.js]
[www.allure.com/verso/static/1893.c620de46f0f3f537d974.js]
[www.allure.com/verso/static/5760.d0d605353c9fbe01746b.js]
[www.allure.com/verso/static/4046.fdb49fed147c1a6f45e4.js]
[www.allure.com/verso/static/3464.c99cc65e223a353027fc.js]
[www.allure.com/verso/static/4223.ed341f8d5bb748e254ca.js]
[www.allure.com/verso/static/1661.38ea0d8a97afd88feb49.js]
[www.allure.com/verso/static/6865.708997dbcb0bb01ce0e8.js]
[www.allure.com/verso/static/1113.9fcaa52a0fbfdab8f754.js]
[www.allure.com/verso/static/7353.6baae09f6afc382f4344.js]
[www.allure.com/verso/static/8828.abc00b7b744b2bc10cfd.js]
[www.allure.com/verso/static/130.61011c0c56be49118bcc.js]
[www.allure.com/verso/static/167.e8afa4b7bf2a764da67c.js]
[www.allure.com/verso/static/7794.605636df17ced18bb446.js]
[www.allure.com/verso/static/473.1391107e341af595f892.js]
[www.allure.com/verso/static/2130.90609b34f5a3523e8b00.js]
[www.allure.com/verso/static/702.b6c98875bf4f1d16fd47.js]
[www.allure.com/verso/static/7853.defa8fbc8b49045321b5.js]
[www.allure.com/verso/static/4891.4566aaaff5d3404bcb08.js]
[www.allure.com/verso/static/2482.4c5cb7d7196b9d1844b0.js]
[www.allure.com/verso/static/4084.a189336de4af27fb5464.js]
[www.allure.com/story/ariana-grande-red-lipstick-2023.html]
[www.allure.com/verso/static/presenter-articles.02a2f99005bf6c85e44f.js]
[interactive.allure.com/ariana-grande/public/webpack-runtime-2fcfe128d8fe9110f021.js]
[interactive.allure.com/ariana-grande/public/framework-8e528b732ab2eaadb7b7.js]
[interactive.allure.com/ariana-grande/public/bee240a3-f7106a5064edce74cbd8.js]
[interactive.allure.com/ariana-grande/public/app-03257551727bf6f84977.js]
[interactive.allure.com/ariana-grande/public/styles-407fe62976dc5310c43e.js]
[interactive.allure.com/ariana-grande/public/component---src-pages-index-js-be16524742b81dd9c23a.js]
[interactive.allure.com/ariana-grande/public/static/9682a7ef2b53b62e54711221463cc9ce/1d482/Ariana Grande Allure Oct 2021 Cover 4.jpg]
[interactive.allure.com/ariana-grande/public/static/35dba3c9fd255f8601bd6b5e79f24b17/a540c/Ariana Grande Allure Oct 2021 Cover 7.jpg]
[www.allure.com/story/charli-dixie-damelio-morphe-2-interview.html]
[www.allure.com/story/ariana-grande-rem-beauty-launch-details.html]
[www.allure.com/story/drag-queen-skin-care-routines.html]
[www.allure.com/story/ariana-grande-throwback-photo-high-ponytail.html]
[www.allure.com/story/rihanna-billionaire-fenty-beauty.html]
[www.allure.com/story/rainbow-color-trends-2021.html]
[interactive.allure.com/ariana-grande/public/polyfill-89ac77d4b615b132cbdb.js]
[www.allure.com/story/ariana-grande-rem-beauty-cover-story-interview.html]
[media.allure.com/photos/6553d09db7b2b4db9503bf19/16_9/w_2560,c_limit/sydney sweeney.jpg]
[media.allure.com/photos/6553d09db7b2b4db9503bf19/1_1/w_1024,c_limit/sydney sweeney.jpg]
[media.allure.com/photos/6553d09db7b2b4db9503bf19/16_9/w_2560,c_limit/sydney%20sweeney.jpg]
[www.allure.com/story/hailey-bieber-tiktok-viral-glazed-donut-nails.html]
[media.allure.com/photos/6553c8ffd9c502a3054292e5/3_4/w_748,c_limit/Long%20Lasting%20Satin%20Lipstick%20gucci.jpg]
[media.allure.com/photos/6553c9a424343db9dea1bfdf/3_4/w_748,c_limit/2023_PMG_LIP_MATTETRANCE_CapOff_DivineIndiscretion_9f94f46f-0f1d-4e03-b2ff-93ba8848a948.jpg]
[media.allure.com/photos/6553c7ff607f8d6a73f8bc31/3_4/w_748,c_limit/urban-decay-VICE%20LIPSTICK-BACKTALK-S4507400-3605972495679-1000x1000-Open.jpg]
[media.allure.com/photos/6553c9f5952a675a022fcdc2/3_4/w_748,c_limit/moisture%20glow.jpg]
[www.allure.com/story/marisa-tomei-blue-eye-makeup.html]
[www.allure.com/story/gabrielle-union-shimmer-makeup.html]
[www.allure.com/story/emma-chamberlain-lacma-90s-hair.html]
[www.allure.com/story/olandria-carthen-golden-birthday-makeup.html]
[www.allure.com/story/smoky-eye-makeup-2010s.html]
[www.allure.com/story/summer-hair-color-trends-2026.html]
[www.allure.com/story/marc-jacobs-beauty-relaunch-2026-review.html]
[www.allure.com/story/quiet-silver-gray-hair-trend.html]
[www.allure.com/story/jennifer-lopez-chunky-highlights-2026.html]
[www.allure.com/story/marc-jacobs-beauty-launch-2026.html]
[www.allure.com/story/sydney-sweeney-tauve-lip-color.html]
[www.allure.com/story/summer-makeup-trends-2026.html]
[media.allure.com/photos/6518ac965873e2beb089fcf9/16_9/w_2560,c_limit/mario-1.jpg]
[media.allure.com/photos/6518ac965873e2beb089fcf9/1_1/w_1024,c_limit/mario-1.jpg]
[media.allure.com/photos/6518ac965873e2beb089fcf9/16_9/w_2560,c_limit/mario-2.jpg]
[media.allure.com/photos/6512e1f006854d4a5a709483/master/w_1600,c_limit/Makeup-by-Mario-Moistureglow.jpg]
[www.allure.com/story/makeup-by-mario-surrealskin-foundation-review.html]
[www.allure.com/story/kim-kardashian-cover-interview-august-2022.html]
[www.allure.com/story/mario-dedivanovic-viral-lip-lift-overlining-pencil-trick.html]
[www.allure.com/story/what-is-glycerin-skin-care-ingredient.html]
[media.allure.com/photos/6512e147f7cec2284ae342ed/master/w_1600,c_limit/Barely-Pink.jpg]
[media.allure.com/photos/6512e167613ba22945216447/master/w_1600,c_limit/Spice.jpg]
[media.allure.com/photos/6512e109846e64baa19f33b3/master/w_1600,c_limit/Poppy.jpg]
[media.allure.com/photos/651280e75dd828fe6724da51/3_4/w_748,c_limit/mubm.jpg]
[www.allure.com/story/best-of-beauty-lips-winners-2023.html]
[www.allure.com/story/charlotte-tilbury-beautiful-skin-foundation-review.html]
[media.allure.com/photos/62e19e4e82163bf98dbd6725/1_1/w_90,c_limit/unnamed.jpg]
[www.allure.com/story/limited-edition-rca-box-2026.html]
[www.allure.com/story/liquid-eyeliners.html]
[www.allure.com/story/2026-readers-choice-winner-product-reviews.html]
[www.allure.com/story/readers-choice-hall-of-fame-winners.html]
[www.allure.com/story/allure-editors-best-beauty-tips.html]
[dwgyu36up6iuz.cloudfront.net/heru80fdn/image/upload/c_fill,d_placeholder_image.jpg,fl_progressive,g_center,h_640,q_80,w_640/v1780285308/allure_10-minute-routine-al-10-minute-beauty-routine-ella-bright283e.jpg]
[www.allure.com/story/makeup-by-mario-moistureglow-plumping-lip-color-review.html]
[www.allure.com/story/best-eye-creams-for-sensitive-skin.html]
[media.allure.com/photos/64ef883f8d3ae21ab5f0a553/16_9/w_2560,c_limit/How to Wear Brown Lip Liner.jpg]
[media.allure.com/photos/64ef883f8d3ae21ab5f0a553/1_1/w_1024,c_limit/How to Wear Brown Lip Liner.jpg]
[media.allure.com/photos/64ef883f8d3ae21ab5f0a553/16_9/w_2560,c_limit/How%20to%20Wear%20Brown%20Lip%20Liner.jpg]
[www.allure.com/story/history-of-90s-dark-liner.html]
[media.allure.com/photos/64ef8a28efb7443b259c8757/master/w_1600,c_limit/Kayla%20Greaves%20Brown%20Lip%20Liner%201.html]
[www.allure.com/story/how-to-wear-brown-lip-liner.html]
[www.allure.com/story/emily-blunt-purple-nails.html]
[www.allure.com/story/florence-pugh-blue-eye-makeup-trend.html]
[www.allure.com/story/tracee-ellis-ross-mismatched-nails.html]
[www.allure.com/story/bella-hadid-taupe-spring-manicure.html]
[www.allure.com/story/zara-larsson-french-manicure.html]
[www.allure.com/story/joey-king-polka-dot-lady-bug-french-manicure.html]
